// Jest Snapshot v1, https://goo.gl/fbAQLP

exports[`Should hoc withVideoControls render correctly Snapshot render withVideoControls 1`] = `
<div
  className="player"
>
  <video
    className="player__video"
    onEnded={[Function]}
    poster="img/fantastic-beasts-the-crimes-of-grindelwald.jpg"
  />
  <div
    className="loader-wrapper"
    style={
      Object {
        "position": "fixed",
      }
    }
  >
    <div
      className="loader medium"
    />
  </div>
</div>
`;
