// Jest Snapshot v1, https://goo.gl/fbAQLP

exports[`PlayerPage component render correctly Should PlayerPage component render correctly 1`] = `
<div
  className="player"
>
  <video
    className="player__video"
    onEnded={[Function]}
    poster="https://htmlacademy-react-3.appspot.com/wtw/static/film/background/Snatch.jpg"
  />
  <div
    className="loader-wrapper"
    style={
      Object {
        "position": "fixed",
      }
    }
  >
    <div
      className="loader medium"
    />
  </div>
</div>
`;
