// Jest Snapshot v1, https://goo.gl/fbAQLP

exports[`MovieReviewsItem component render correctly Should MovieReviewsItem component render correctly 1`] = `
<div
  className="review"
>
  <blockquote
    className="review__quote"
  >
    <p
      className="review__text"
    >
      Good comment!
    </p>
    <footer
      className="review__details"
    >
      <cite
        className="review__author"
      >
        Ozzy Osbourne
      </cite>
      <time
        className="review__date"
        dateTime="2020-07-09"
      >
        July 09, 2020
      </time>
    </footer>
  </blockquote>
  <div
    className="review__rating"
  >
    9.3
  </div>
</div>
`;
