// Jest Snapshot v1, https://goo.gl/fbAQLP

exports[`MovieReviews component render correctly Should MovieReviews component render correctly 1`] = `
<div
  className="movie-card__reviews movie-card__row"
>
  <div
    className="movie-card__reviews-col"
  >
    <div
      className="review"
    >
      <blockquote
        className="review__quote"
      >
        <p
          className="review__text"
        >
          Good comment!
        </p>
        <footer
          className="review__details"
        >
          <cite
            className="review__author"
          >
            Ozzy Osbourne
          </cite>
          <time
            className="review__date"
            dateTime="2020-03-07"
          >
            March 07, 2020
          </time>
        </footer>
      </blockquote>
      <div
        className="review__rating"
      >
        8.9
      </div>
    </div>
    <div
      className="review"
    >
      <blockquote
        className="review__quote"
      >
        <p
          className="review__text"
        >
          Neutral comment!
        </p>
        <footer
          className="review__details"
        >
          <cite
            className="review__author"
          >
            James Hatfield
          </cite>
          <time
            className="review__date"
            dateTime="2020-07-01"
          >
            July 01, 2020
          </time>
        </footer>
      </blockquote>
      <div
        className="review__rating"
      >
        5.9
      </div>
    </div>
  </div>
  <div
    className="movie-card__reviews-col"
  >
    <div
      className="review"
    >
      <blockquote
        className="review__quote"
      >
        <p
          className="review__text"
        >
          Bad comment!
        </p>
        <footer
          className="review__details"
        >
          <cite
            className="review__author"
          >
            Axl Rose
          </cite>
          <time
            className="review__date"
            dateTime="2026-07-09"
          >
            July 09, 2026
          </time>
        </footer>
      </blockquote>
      <div
        className="review__rating"
      >
        1.9
      </div>
    </div>
  </div>
</div>
`;
