// Jest Snapshot v1, https://goo.gl/fbAQLP

exports[`MainContent component render correctly Should MainContent component render correctly 1`] = `
<section
  className="catalog"
>
  <h2
    className="catalog__title visually-hidden"
  >
    Catalog
  </h2>
  <ul
    className="catalog__genres-list"
  >
    <li
      className="catalog__genres-item catalog__genres-item--active"
    >
      <a
        className="catalog__genres-link"
        href="#"
        onClick={[Function]}
      >
        All genres
      </a>
    </li>
    <li
      className="catalog__genres-item "
    >
      <a
        className="catalog__genres-link"
        href="#"
        onClick={[Function]}
      >
        Crime
      </a>
    </li>
    <li
      className="catalog__genres-item "
    >
      <a
        className="catalog__genres-link"
        href="#"
        onClick={[Function]}
      >
        Horror
      </a>
    </li>
  </ul>
  <div
    className="catalog__movies-list"
  >
    <article
      className="small-movie-card catalog__movies-card"
      onMouseEnter={[Function]}
      onMouseLeave={[Function]}
    >
      <a
        className="small-movie-card__link"
        href="/movie/1"
        onClick={[Function]}
      >
        <div
          className="small-movie-card__image"
        >
          <video
            height="175"
            muted={true}
            poster="img/bohemian-rhapsody.jpg"
            src="https://download.blender.org/durian/trailer/sintel_trailer-480p.mp4"
            width="100%"
          />
        </div>
      </a>
      <h3
        className="small-movie-card__title"
      >
        <a
          className="small-movie-card__link"
          href="/movie/1"
          onClick={[Function]}
        >
          The Grand Budapest Hotel
        </a>
      </h3>
    </article>
  </div>
</section>
`;
